0c700000 T _start
0c7000e0 t _TEXT_BASE
0c7000e4 T _armboot_start
0c7000e8 T _bss_start
0c7000ec T _bss_end
0c7000f0 t reset
0c700108 t relocate
0c700128 t copy_loop
0c700148 t vector_copy_loop
0c700158 t stack_setup
0c70016c t _start_armboot
0c700170 t cpu_init_crit
0c7001c8 t real_vectors
0c7001e8 t undefined_instruction
0c7001f0 t software_interrupt
0c7001f8 t prefetch_abort
0c700200 t data_abort
0c700208 t not_used
0c700210 t irq
0c700218 t fiq
0c7002c4 t MEMORY_CONFIG
0c7002f8 T memsetup
0c70030c t mem_malloc_init
0c700354 T sbrk
0c7003ac t init_baudrate
0c700414 t display_banner
0c70046c t display_dram_config
0c7004d4 t display_flash_config
0c700504 T start_armboot
0c7006bc T hang
0c7006dc T ArpRequest
0c700828 T ArpTimeoutCheck
0c7008b4 T NetLoop
0c700c94 t startAgainTimeout
0c700cb4 t startAgainHandler
0c700cc4 T NetStartAgain
0c700d58 T NetSetHandler
0c700d74 T NetSetTimeout
0c700dc0 T NetSendPacket
0c700dd4 T NetSendUDPPacket
0c700f50 T NetReceive
0c701514 t net_check_prereq
0c7015c4 T NetCksumOk
0c7015f4 T NetCksum
0c70164c T NetEthHdrSize
0c7016a0 T NetSetEther
0c701770 T NetSetIP
0c7018bc T copy_filename
0c70191c T ip_to_string
0c701980 T string_to_ip
0c701a0c T VLAN_to_string
0c701a74 T string_to_VLAN
0c701ad0 T print_IPaddr
0c701af8 T getenv_IPaddr
0c701b10 T getenv_VLAN
0c701b30 t TftpSend
0c701d04 t TftpHandler
0c701fc4 t TftpTimeout
0c702028 T TftpStart
0c702294 t BootpCheckPkt
0c702338 t BootpCopyNetParams
0c702400 t truncate_sz
0c70243c t BootpVendorFieldProcess
0c702658 t BootpVendorProcess
0c7026c8 t BootpHandler
0c702784 t BootpTimeout
0c7027d4 t BootpExtended
0c70286c T BootpRequest
0c702a6c t RarpHandler
0c702acc t RarpTimeout
0c702b1c T RarpRequest
0c702c2c t basename
0c702c80 t dirname
0c702ca4 t rpc_add_credentials
0c702dac t rpc_req
0c702ef8 t rpc_lookup_req
0c702f80 t nfs_mount_req
0c703040 t nfs_umountall_req
0c7030ac t nfs_readlink_req
0c70310c t nfs_lookup_req
0c7031e0 t nfs_read_req
0c703298 t NfsSend
0c70335c t rpc_lookup_reply
0c703448 t nfs_mount_reply
0c70350c t nfs_umountall_reply
0c7035b8 t nfs_lookup_reply
0c70366c t nfs_readlink_reply
0c7037b0 t nfs_read_reply
0c703950 t NfsHandler
0c703b3c t NfsTimeout
0c703b68 T NfsStart
0c703e18 t get_reg
0c703e2c t put_reg
0c703e44 t eth_reset
0c703e8c T rtl8019_get_enetaddr
0c703fa0 T eth_halt
0c703fc0 T eth_init
0c704198 t nic_to_pc
0c704364 T eth_rx
0c704454 T eth_send
0c70457c T main_loop
0c704704 T readline
0c704960 t delete_char
0c704a58 t parse_line
0c704afc t process_macros
0c704cd0 T run_command
0c704eb4 T do_run
0c704f40 T autoscript
0c705158 T do_autoscript
0c7051a4 T do_bdinfo
0c705298 t print_num
0c7052bc T do_go
0c70534c T do_bootm
0c705910 t do_bootm_netbsd
0c705a40 T do_bootd
0c705a6c T do_iminfo
0c705adc t image_info
0c705c28 t do_imls
0c705d98 T print_image_hdr
0c705f38 t print_type
0c7061f0 t zalloc
0c706210 t zfree
0c706228 T gunzip
0c706394 t do_bootm_rtems
0c7063cc t do_bootm_vxworks
0c70642c t do_bootm_qnxelf
0c70648c T do_coninfo
0c706574 T do_date
0c70668c t cnvrt2
0c7066f0 T mk_date
0c7068e4 T do_eeprom
0c706a08 T eeprom_read
0c706a94 T eeprom_write
0c706b30 T eeprom_probe
0c706b4c T eeprom_init
0c706b6c T do_bootelf
0c706c1c T do_bootvx
0c706dcc T valid_elf_image
0c706e28 T load_elf_image
0c706f40 T get_dev
0c706f54 T do_fat_fsload
0c7070f0 T do_fat_ls
0c707210 T do_fat_fsinfo
0c707304 t abbrev_spec
0c707474 t flash_fill_sect_ranges
0c70764c T do_flinfo
0c707708 T do_flerase
0c707928 T flash_sect_erase
0c707a20 T do_protect
0c707d34 T flash_sect_protect
0c707e5c T do_i2c_md
0c7080a4 T do_i2c_mm
0c7080d0 T do_i2c_nm
0c7080fc T do_i2c_mw
0c708244 T do_i2c_crc
0c7083b4 t mod_i2c_mem
0c70863c T do_i2c_probe
0c708694 T do_i2c_loop
0c7087bc t evalexp
0c708818 t evalstr
0c708844 t stringcomp
0c708914 t arithcomp
0c7089cc T binary_test
0c708a88 T do_itest
0c708b48 T jffs2_part_info
0c708bf0 T do_jffs2_fsload
0c708d58 T do_jffs2_ls
0c708ddc T do_jffs2_fsinfo
0c708e74 T do_jffs2_chpart
0c708f20 T do_load_serial
0c70900c t load_serial
0c7091c4 t read_record
0c7092ac T do_load_serial_bin
0c709428 t load_serial_bin
0c7094c0 T send_pad
0c70950c T ktrans
0c709544 T chk1
0c709588 T s1_sendpacket
0c7095c0 T send_ack
0c70962c T send_nack
0c709698 t bin_data_init
0c7096dc t os_data_save
0c709734 t os_data_restore
0c70978c t bin_data_char
0c7097dc t set_kerm_bin_mode
0c709820 T k_data_init
0c709850 T k_data_save
0c70987c T k_data_restore
0c7098a8 T k_data_char
0c70991c T handle_send_packet
0c709b70 t k_recv
0c709df0 T cmd_get_data_size
0c709ebc T do_mem_md
0c70a108 T do_mem_mm
0c70a134 T do_mem_nm
0c70a160 T do_mem_mw
0c70a240 T do_mem_cmp
0c70a3f4 T do_mem_cp
0c70a540 T do_mem_base
0c70a58c T do_mem_loop
0c70a6b4 T do_mem_mtest
0c70a7ec t mod_mem
0c70a994 T do_mem_crc
0c70aa54 T do_sleep
0c70aad4 T do_bootp
0c70aaf0 T do_tftpb
0c70ab0c T do_rarpb
0c70ab28 T do_nfs
0c70ab44 t netboot_update_env
0c70acac t netboot_common
0c70ae40 T do_printenv
0c70b018 T _do_setenv
0c70b524 T setenv
0c70b564 T do_setenv
0c70b5a8 T getenv
0c70b62c T getenv_r
0c70b708 T do_saveenv
0c70b73c t envmatch
0c70b7b8 T do_version
0c70b7e0 T do_echo
0c70b868 T do_help
0c70ba48 T find_cmd
0c70baf0 T var_complete
0c70bb90 t install_auto_complete_handler
0c70bbb0 T install_auto_complete
0c70bbf8 t complete_cmdv
0c70bda8 t make_argv
0c70be44 t print_argv
0c70bf44 t find_common_prefix
0c70bfd4 T cmd_auto_complete
0c70c224 t console_setfile
0c70c2e4 T serial_printf
0c70c318 T fgetc
0c70c348 T ftstc
0c70c378 T fputc
0c70c3ac T fputs
0c70c3dc T fprintf
0c70c418 T getc
0c70c444 T tstc
0c70c470 T putc
0c70c4a4 T puts
0c70c4d8 T printf
0c70c50c T vprintf
0c70c540 T ctrlc
0c70c5a0 T disable_ctrlc
0c70c5c4 T had_ctrlc
0c70c5e0 T clear_ctrlc
0c70c600 T dbg
0c70c614 T console_assign
0c70c6b8 T console_init_f
0c70c6d4 T console_init_r
0c70c878 t drv_system_init
0c70c8f4 T device_register
0c70c920 T devices_init
0c70c97c T devices_done
0c70c9a0 T malloc_bin_reloc
0c70c9e0 t malloc_extend_top
0c70cbb4 T malloc
0c70d004 T free
0c70d230 T realloc
0c70d6b4 T memalign
0c70d7d8 T valloc
0c70d7f4 T pvalloc
0c70d81c T calloc
0c70d8f8 T cfree
0c70d90c T malloc_trim
0c70d9ec T malloc_usable_size
0c70da3c T mallopt
0c70dab4 T env_crc_update
0c70daec t env_get_char_init
0c70db20 T env_get_char_memory
0c70db50 T env_get_addr
0c70db84 T env_relocate
0c70dc1c T env_complete
0c70dd68 T env_get_char_spec
0c70dd80 T env_init
0c70dde0 T saveenv
0c70dea8 T env_relocate_spec
0c70ded8 t dummy
0c70dee8 T get_version
0c70defc T jumptable_init
0c70dfa8 T flash_protect
0c70e0c4 T addr2info
0c70e130 T flash_write
0c70e2d4 T flash_perror
0c70e3e4 T NewHandle
0c70e44c T DisposeHandle
0c70e474 T GetHandleSize
0c70e488 T SetHandleSize
0c70e518 t ExpandListSpace
0c70e5e4 T ListCreate
0c70e64c T ListSetAllocationPolicy
0c70e66c T ListDispose
0c70e680 T ListInsertItem
0c70e698 T ListInsertItems
0c70e7f0 T ListGetItems
0c70e848 T ListGetPtrToItem
0c70e88c T ListGetDataPtr
0c70e8a4 T ListGetItemSize
0c70e8bc T ListNumItems
0c70e8d4 T srec_decode
0c70eb6c t hex1_bin
0c70ebb8 t hex2_bin
0c70ebf8 T __udivsi3
0c70ec10 t Loop1
0c70ec24 t Lbignum
0c70ec38 t Loop3
0c70ec78 t Lgot_result
0c70ec80 t Ldiv0
0c70ec90 T __umodsi3
0c70eca4 t Loop1
0c70ecb8 t Lbignum
0c70eccc t Loop3
0c70ed34 t Ldiv0
0c70ed44 T __div0
0c70ed48 T crc32
0c70ee4c T crc32_no_comp
0c70ef48 T display_options
0c70ef70 T print_size
0c70f014 T strnicmp
0c70f09c T strcpy
0c70f0c4 T strncpy
0c70f0f8 T strcat
0c70f138 T strncat
0c70f18c T strcmp
0c70f1c8 T strncmp
0c70f21c T strchr
0c70f25c T strrchr
0c70f29c T strlen
0c70f2cc T strnlen
0c70f318 T strdup
0c70f360 T strspn
0c70f3d8 T strpbrk
0c70f42c T strtok
0c70f4b4 T strsep
0c70f4f4 T strswab
0c70f54c T memset
0c70f57c T bcopy
0c70f5b4 T memcpy
0c70f5e8 T memmove
0c70f650 T memcmp
0c70f694 T memscan
0c70f6c4 T strstr
0c70f730 T memchr
0c70f770 T simple_strtoul
0c70f834 T simple_strtol
0c70f864 t skip_atoi
0c70f8b8 t number
0c70fb78 T vsprintf
0c710068 T sprintf
0c710088 T panic
0c7100d4 T inflateReset
0c71013c T inflateEnd
0c7101b0 T inflateInit2
0c710290 T inflateInit
0c7102a8 T inflate
0c71067c T inflateIncomp
0c7106b0 T inflateSync
0c7107d4 t inflate_blocks_reset
0c7108b0 t inflate_blocks_new
0c710954 t inflate_blocks
0c711834 t inflate_blocks_free
0c711884 t inflate_addhistory
0c7119c0 t inflate_packet_flush
0c7119f0 t huft_build
0c711ffc t inflate_trees_bits
0c712078 t inflate_trees_dynamic
0c7121a0 t falloc
0c7121d0 t ffree
0c7121e0 t inflate_trees_fixed
0c712420 t inflate_trees_free
0c712468 t inflate_codes_new
0c7124c0 t inflate_codes
0c712d40 t inflate_codes_free
0c712d68 t inflate_flush
0c712ef8 t inflate_fast
0c713290 T adler32
0c71340c T board_init
0c713570 T dram_init
0c71359c T LED
0c7135d4 t flash_get_offsets
0c7137c4 T flash_print_info
0c713d10 t flash_get_size
0c7144b0 T flash_erase
0c71471c T write_buff
0c7148a8 t write_word
0c714988 T flash_init
0c714a24 t serial_flush_input
0c714a80 t serial_flush_output
0c714aa8 T serial_setbrg
0c714b88 T serial_init
0c714ba0 T serial_putc
0c714be4 T serial_tstc
0c714c04 T serial_getc
0c714c2c T serial_puts
0c714c60 T enable_interrupts
0c714c70 T disable_interrupts
0c714c84 T bad_mode
0c714ca8 T show_regs
0c714df8 T do_undefined_instruction
0c714e24 T do_software_interrupt
0c714e50 T do_prefetch_abort
0c714e7c T do_data_abort
0c714ea8 T do_not_used
0c714ed4 T do_fiq
0c714f00 T do_irq
0c714f2c T interrupt_init
0c714fb0 T reset_timer
0c714fc4 T get_timer
0c714fe0 T set_timer
0c714ffc T udelay
0c715040 T reset_timer_masked
0c715084 T get_timer_masked
0c715104 T udelay_masked
0c71514c t s3c44b0_flush_cache
0c715198 T cpu_init
0c7151b0 T cleanup_before_linux
0c7151cc T reset_cpu
0c71521c T do_reset
0c71523c T icache_enable
0c715274 T icache_disable
0c715294 T icache_status
0c7152a8 T dcache_enable
0c7152bc T dcache_disable
0c7152d0 T dcache_status
0c7152e4 T rtc_get
0c7154f8 T rtc_set
0c715664 T rtc_reset
0c7156bc T i2c_init
0c715734 T i2c_probe
0c71575c T i2c_read
0c7159d0 T i2c_write
0c715b70 T do_bootm_linux
0c715ef4 t setup_start_tag
0c715f40 t setup_commandline_tag
0c715fcc t setup_initrd_tag
0c716010 t setup_end_tag
0c716038 T flush_cache
0c716048 t cramfs_read_super
0c716138 t cramfs_resolve
0c716278 t cramfs_uncompress
0c716348 T cramfs_load
0c7163d4 t cramfs_list_inode
0c7164f8 T cramfs_ls
0c716624 T cramfs_info
0c716700 T cramfs_check
0c71673c t zalloc
0c71675c t zfree
0c716774 T cramfs_uncompress_block
0c7167d0 T cramfs_uncompress_init
0c716834 T cramfs_uncompress_exit
0c716854 t downcase
0c71688c T disk_read
0c7168f0 T fat_register_device
0c7169d4 t dirdelim
0c716a18 t compare_sign
0c716a5c t get_name
0c716b2c t get_fatent
0c716ca0 t get_cluster
0c716d34 t get_contents
0c716ebc t slot2str
0c716f84 t get_vfatname
0c717120 t mkcksum
0c717160 t get_dentfromdir
0c71745c t read_bootsectandvi
0c717558 t do_fat_read
0c717c74 T file_fat_detectfs
0c717d14 T file_fat_ls
0c717d34 T file_fat_read
0c717d74 t free_nodes
0c717db0 t add_node
0c717e50 t insert_node
0c717eb4 t jffs2_scan_empty
0c717f04 t jffs_init_1pass_list
0c717f64 t jffs2_1pass_read_inode
0c7181e8 t jffs2_1pass_find_inode
0c718364 T mkmodestr
0c7184b8 t jffs2_1pass_list_inodes
0c718a20 t jffs2_1pass_search_inode
0c718b74 t jffs2_1pass_resolve_inode
0c718d80 t jffs2_1pass_search_list_inodes
0c718f40 T jffs2_1pass_rescan_needed
0c718fc4 t jffs2_1pass_build_lists
0c719360 t jffs2_1pass_fill_info
0c71944c t jffs2_get_list
0c71949c T jffs2_1pass_ls
0c719500 T jffs2_1pass_load
0c7195c0 T jffs2_1pass_info
0c719644 T rtime_decompress
0c719714 T rubin_do_decompress
0c7197f8 T dynrubin_decompress
0c719844 T zlib_decompress
0c71986c t init_stream
0c71993c t discard_bits
0c719968 t decompress_none
0c719a00 t read_symbol
0c719adc t decompress_huffman
0c719cf0 t fill_code_tables
0c719df8 t init_code_tables
0c719e74 t decompress_dynamic
0c71a40c t decompress_fixed
0c71a580 T decompress_block
0c71a6bc T cramfs_memset
0c71a6e4 T pull_bits
0c71a758 T pull_bit
0c71a7a0 T GregorianDay
0c71a8b4 T to_tm
0c71a9f8 T mktime
0c71aa98 R version_string
0c71e24c r baudrate_table
0c71eb38 r crc_table
0c71fcb0 r day_name.42
0c71fcc5 r mon_name.43
0c71fd10 r mon_lengths.47
0c71fd70 r year_lengths.48
0c7200a0 d mem_malloc_start
0c7200a4 d mem_malloc_end
0c7200a8 d mem_malloc_brk
0c7200ac D init_sequence
0c7200d8 D NetOurSubnetMask
0c7200dc D NetOurGatewayIP
0c7200e0 D NetOurDNSIP
0c7200e4 D NetOurNISDomain
0c720104 D NetOurHostName
0c720124 D NetOurRootPath
0c720164 D NetBootFileSize
0c720166 D NetServerEther
0c72016c D NetBcastAddr
0c720172 D NetEtherNullAddr
0c720178 D NetOurVLAN
0c72017a D NetOurNativeVLAN
0c72017c D NetTxPacket
0c720180 d fs_mounted
0c720184 d rpc_id
0c720188 d nfs_offset
0c72018c d erase_seq
0c720190 d tab_seq
0c720199 d lastcommand.45
0c72029c D load_addr
0c7202a0 D weekdays
0c7202bc d i2c_dp_last_length
0c7202c0 D op_table
0c720328 d part_num
0c72032c d do_echo
0c720330 D dp_last_length
0c720334 d base_address
0c720338 d ctrlc_disabled
0c72033c d ctrlc_was_pressed
0c720340 D devlist
0c720344 D stdio_devices
0c720350 D stdio_names
0c72035c d av_
0c720764 d trim_threshold
0c720768 d top_pad
0c72076c d n_mmaps_max
0c720770 d mmap_threshold
0c720774 d sbrk_base
0c720778 d max_sbrked_mem
0c72077c d max_total_mem
0c720780 d current_mallinfo
0c7207a8 d mmapped_mem
0c7207ac D env_get_char
0c7207b0 D default_environment
0c720888 D env_name_spec
0c72088c D env_ptr
0c720890 d flash_addr
0c720894 d inflate_mask
0c7208d8 d border
0c720924 d cplens
0c7209a0 d cplext
0c720a1c d cpdist
0c720a94 d cpdext
0c720b0c d fixed_lock
0c720b10 d fixed_built
0c720b14 d fixed_left
0c720b18 D zlib_version
0c720b1c D z_errmsg
0c720b3c D _ctype
0c720c3c d cur_dev
0c720c40 d part_offset
0c720c44 d cur_part
0c720c48 d compr_names
0c720c64 d spinner
0c720c68 d l.97
0c720c6c d huffman_order
0c720c80 d month_days
0c720cb0 ? __u_boot_cmd_autoscr
0c720cb0 A __u_boot_cmd_start
0c720ccc ? __u_boot_cmd_bdinfo
0c720ce8 ? __u_boot_cmd_go
0c720d04 ? __u_boot_cmd_reset
0c720d20 ? __u_boot_cmd_bootm
0c720d3c ? __u_boot_cmd_boot
0c720d58 ? __u_boot_cmd_bootd
0c720d74 ? __u_boot_cmd_iminfo
0c720d90 ? __u_boot_cmd_imls
0c720dac ? __u_boot_cmd_coninfo
0c720dc8 ? __u_boot_cmd_date
0c720de4 ? __u_boot_cmd_eeprom
0c720e00 ? __u_boot_cmd_bootelf
0c720e1c ? __u_boot_cmd_bootvx
0c720e38 ? __u_boot_cmd_fatload
0c720e54 ? __u_boot_cmd_fatls
0c720e70 ? __u_boot_cmd_fatinfo
0c720e8c ? __u_boot_cmd_flinfo
0c720ea8 ? __u_boot_cmd_erase
0c720ec4 ? __u_boot_cmd_protect
0c720ee0 ? __u_boot_cmd_imd
0c720efc ? __u_boot_cmd_imm
0c720f18 ? __u_boot_cmd_inm
0c720f34 ? __u_boot_cmd_imw
0c720f50 ? __u_boot_cmd_icrc32
0c720f6c ? __u_boot_cmd_iprobe
0c720f88 ? __u_boot_cmd_iloop
0c720fa4 ? __u_boot_cmd_itest
0c720fc0 ? __u_boot_cmd_fsload
0c720fdc ? __u_boot_cmd_fsinfo
0c720ff8 ? __u_boot_cmd_ls
0c721014 ? __u_boot_cmd_chpart
0c721030 ? __u_boot_cmd_loads
0c72104c ? __u_boot_cmd_loadb
0c721068 ? __u_boot_cmd_md
0c721084 ? __u_boot_cmd_mm
0c7210a0 ? __u_boot_cmd_nm
0c7210bc ? __u_boot_cmd_mw
0c7210d8 ? __u_boot_cmd_cp
0c7210f4 ? __u_boot_cmd_cmp
0c721110 ? __u_boot_cmd_crc32
0c72112c ? __u_boot_cmd_base
0c721148 ? __u_boot_cmd_loop
0c721164 ? __u_boot_cmd_mtest
0c721180 ? __u_boot_cmd_sleep
0c72119c ? __u_boot_cmd_bootp
0c7211b8 ? __u_boot_cmd_tftpboot
0c7211d4 ? __u_boot_cmd_rarpboot
0c7211f0 ? __u_boot_cmd_nfs
0c72120c ? __u_boot_cmd_printenv
0c721228 ? __u_boot_cmd_setenv
0c721244 ? __u_boot_cmd_saveenv
0c721260 ? __u_boot_cmd_run
0c72127c ? __u_boot_cmd_version
0c721298 ? __u_boot_cmd_echo
0c7212b4 ? __u_boot_cmd_help
0c7212d0 ? __u_boot_cmd_question_mark
0c7212ec A __bss_start
0c7212ec A __u_boot_cmd_end
0c7212ec A armboot_end_data
0c7212ec B monitor_flash_len
0c7212f0 B NetBootFileXferSize
0c7212f4 B NetOurEther
0c7212fc B NetOurIP
0c721300 B NetServerIP
0c721304 B NetRxPackets
0c721314 B NetRxPkt
0c721318 B NetRxPktLen
0c72131c B NetIPID
0c721320 B NetState
0c721324 B BootFile
0c7213a4 B PktBuf
0c7231c4 b packetHandler
0c7231c8 b timeHandler
0c7231cc b timeStart
0c7231d0 b timeDelta
0c7231d4 B NetArpWaitPacketIP
0c7231d8 B NetArpWaitReplyIP
0c7231dc B NetArpWaitPacketMAC
0c7231e0 B NetArpWaitTxPacket
0c7231e4 B NetArpWaitTxPacketSize
0c7231e8 B NetArpWaitPacketBuf
0c723808 B NetArpWaitTimerStart
0c72380c B NetArpWaitTry
0c723810 b TftpServerPort
0c723814 b TftpOurPort
0c723818 b TftpTimeoutCount
0c72381c b TftpBlock
0c723820 b TftpLastBlock
0c723824 b TftpBlockWrap
0c723828 b TftpBlockWrapOffset
0c72382c b TftpState
0c723830 b default_filename
0c723840 b tftp_filename
0c723844 B BootpID
0c723848 B BootpTry
0c72384c B RarpTry
0c723850 b nfs_len
0c723854 b dirfh
0c723874 b filefh
0c723894 b NfsServerIP
0c723898 b NfsSrvMountPort
0c72389c b NfsSrvNfsPort
0c7238a0 b NfsOurPort
0c7238a4 b NfsTimeoutCount
0c7238a8 b NfsState
0c7238ac b default_filename
0c7238ec b nfs_filename
0c7238f0 b nfs_path
0c7238f4 b nfs_path_buff
0c7240f4 B console_buffer
0c7241f4 B header
0c724234 b i2c_dp_last_chip
0c724238 b i2c_dp_last_addr
0c72423c b i2c_dp_last_alen
0c724240 b i2c_mm_last_chip
0c724244 b i2c_mm_last_addr
0c724248 b i2c_mm_last_alen
0c72424c b part
0c724260 B os_data_count
0c724264 B os_data_header
0c724284 B his_eol
0c724288 B his_pad_count
0c72428c B his_pad_char
0c724290 B his_quote
0c724294 b a_b
0c7242ac B os_data_init
0c7242b0 B os_data_char
0c7242b4 b os_data_state
0c7242b8 b os_data_state_saved
0c7242bc b os_data_count_saved
0c7242c0 b os_data_addr
0c7242c4 b os_data_addr_saved
0c7242c8 b bin_start_address
0c7242cc b k_data_escape
0c7242d0 b k_data_escape_saved
0c7242d4 B send_parms
0c7242e8 B send_ptr
0c7242ec B dp_last_addr
0c7242f0 B dp_last_size
0c7242f4 B mm_last_addr
0c7242f8 B mm_last_size
0c7242fc b tmp_buf.54
0c7244fc b tmp_buf
0c7245fc B ___strtok
0c724600 b fixed_mem
0c725690 b fixed_bl
0c725694 b fixed_bd
0c725698 b fixed_tl
0c72569c b fixed_td
0c7256a0 B flash_info
0c725bac b timestamp
0c725bb0 b lastdec
0c725bb4 b params
0c725bb8 B super
0c725c04 b stream
0c725c38 B get_vfatname_block
0c735c38 B get_dentfromdir_block
0c745c38 B do_fat_read_block
0c755c38 A _end
